<testsuites id="" name="" tests="40" failures="40" skipped="0" errors="0" time="23.446101">
<testsuite name="auth/login.spec.ts" timestamp="2025-11-24T01:35:24.807Z" hostname="chromium" tests="8" failures="8" skipped="0" time="5.062" errors="0">
<testcase name="User Login › should successfully login with valid credentials" classname="auth/login.spec.ts" time="0.909">
<properties>
<property name="userData" value="{&quot;email&quot;:&quot;test-1763948125783-ejbmd@example.com&quot;,&quot;password&quot;:&quot;TestPassword123!@#&quot;,&quot;firstName&quot;:&quot;Test&quot;,&quot;lastName&quot;:&quot;User&quot;}">
</property>
</properties>
<failure message="login.spec.ts:13:7 should successfully login with valid credentials" type="FAILURE">
<![CDATA[  [chromium] › auth/login.spec.ts:13:7 › User Login › should successfully login with valid credentials 

    Error: expect(received).toBeTruthy()

    Received: false

      25 |     });
      26 |
    > 27 |     expect(response.ok()).toBeTruthy();
         |                           ^
      28 |     const data = await response.json();
      29 |
      30 |     expect(data).toHaveProperty('message');
        at /home/meywd/Branches/Tamma/test-platform/apps/test-platform/tests/e2e/auth/login.spec.ts:27:27
]]>
</failure>
</testcase>
<testcase name="User Login › should reject login with incorrect password" classname="auth/login.spec.ts" time="0.961">
<properties>
<property name="userData" value="{&quot;email&quot;:&quot;test-1763948125729-gn04bm@example.com&quot;,&quot;password&quot;:&quot;TestPassword123!@#&quot;,&quot;firstName&quot;:&quot;Test&quot;,&quot;lastName&quot;:&quot;User&quot;}">
</property>
</properties>
<failure message="login.spec.ts:43:7 should reject login with incorrect password" type="FAILURE">
<![CDATA[  [chromium] › auth/login.spec.ts:43:7 › User Login › should reject login with incorrect password ──

    Error: expect(received).toBe(expected) // Object.is equality

    Expected: 401
    Received: 404

      56 |
      57 |     expect(response.ok()).toBeFalsy();
    > 58 |     expect(response.status()).toBe(401);
         |                               ^
      59 |
      60 |     const data = await response.json();
      61 |     expect(data).toHaveProperty('error');
        at /home/meywd/Branches/Tamma/test-platform/apps/test-platform/tests/e2e/auth/login.spec.ts:58:31
]]>
</failure>
</testcase>
<testcase name="User Login › should reject login with non-existent email" classname="auth/login.spec.ts" time="0.862">
<properties>
<property name="userData" value="{&quot;email&quot;:&quot;test-1763948125710-ygjsac@example.com&quot;,&quot;password&quot;:&quot;TestPassword123!@#&quot;,&quot;firstName&quot;:&quot;Test&quot;,&quot;lastName&quot;:&quot;User&quot;}">
</property>
</properties>
<failure message="login.spec.ts:65:7 should reject login with non-existent email" type="FAILURE">
<![CDATA[  [chromium] › auth/login.spec.ts:65:7 › User Login › should reject login with non-existent email ──

    Error: expect(received).toBe(expected) // Object.is equality

    Expected: 401
    Received: 404

      72 |
      73 |     expect(response.ok()).toBeFalsy();
    > 74 |     expect(response.status()).toBe(401);
         |                               ^
      75 |
      76 |     const data = await response.json();
      77 |     expect(data).toHaveProperty('error');
        at /home/meywd/Branches/Tamma/test-platform/apps/test-platform/tests/e2e/auth/login.spec.ts:74:31
]]>
</failure>
</testcase>
<testcase name="User Login › should lock account after 5 failed login attempts" classname="auth/login.spec.ts" time="0.845">
<properties>
<property name="userData" value="{&quot;email&quot;:&quot;test-1763948127388-h99yi@example.com&quot;,&quot;password&quot;:&quot;TestPassword123!@#&quot;,&quot;firstName&quot;:&quot;Test&quot;,&quot;lastName&quot;:&quot;User&quot;}">
</property>
</properties>
<failure message="login.spec.ts:80:7 should lock account after 5 failed login attempts" type="FAILURE">
<![CDATA[  [chromium] › auth/login.spec.ts:80:7 › User Login › should lock account after 5 failed login attempts 

    Error: expect(received).toBe(expected) // Object.is equality

    Expected: 423
    Received: 404

      103 |
      104 |     expect(response.ok()).toBeFalsy();
    > 105 |     expect(response.status()).toBe(423); // Locked
          |                               ^
      106 |
      107 |     const data = await response.json();
      108 |     expect(data.error.toLowerCase()).toContain('lock');
        at /home/meywd/Branches/Tamma/test-platform/apps/test-platform/tests/e2e/auth/login.spec.ts:105:31
]]>
</failure>
</testcase>
<testcase name="User Login › should require email verification before login" classname="auth/login.spec.ts" time="0.434">
<properties>
<property name="userData" value="{&quot;email&quot;:&quot;test-1763948127436-al6p8k@example.com&quot;,&quot;password&quot;:&quot;TestPassword123!@#&quot;,&quot;firstName&quot;:&quot;Test&quot;,&quot;lastName&quot;:&quot;User&quot;}">
</property>
</properties>
<failure message="login.spec.ts:111:7 should require email verification before login" type="FAILURE">
<![CDATA[  [chromium] › auth/login.spec.ts:111:7 › User Login › should require email verification before login 

    Error: expect(received).toBe(expected) // Object.is equality

    Expected: 401
    Received: 404

      125 |     // Should be rejected if email verification is required
      126 |     if (!response.ok()) {
    > 127 |       expect(response.status()).toBe(401);
          |                                 ^
      128 |       const data = await response.json();
      129 |       expect(data.error.toLowerCase()).toContain('verify');
      130 |     }
        at /home/meywd/Branches/Tamma/test-platform/apps/test-platform/tests/e2e/auth/login.spec.ts:127:33
]]>
</failure>
</testcase>
<testcase name="User Login › should track login IP address and timestamp" classname="auth/login.spec.ts" time="0.419">
<properties>
<property name="userData" value="{&quot;email&quot;:&quot;test-1763948127551-8bbxk7@example.com&quot;,&quot;password&quot;:&quot;TestPassword123!@#&quot;,&quot;firstName&quot;:&quot;Test&quot;,&quot;lastName&quot;:&quot;User&quot;}">
</property>
</properties>
<failure message="login.spec.ts:133:7 should track login IP address and timestamp" type="FAILURE">
<![CDATA[  [chromium] › auth/login.spec.ts:133:7 › User Login › should track login IP address and timestamp ─

    Error: expect(received).toBeTruthy()

    Received: false

      148 |     });
      149 |
    > 150 |     expect(response.ok()).toBeTruthy();
          |                           ^
      151 |     // Login tracking is verified in the database, not in the response
      152 |   });
      153 |
        at /home/meywd/Branches/Tamma/test-platform/apps/test-platform/tests/e2e/auth/login.spec.ts:150:27
]]>
</failure>
</testcase>
<testcase name="User Login › should return user permissions and role in login response" classname="auth/login.spec.ts" time="0.347">
<properties>
<property name="userData" value="{&quot;email&quot;:&quot;test-1763948128633-ic4akg@example.com&quot;,&quot;password&quot;:&quot;TestPassword123!@#&quot;,&quot;firstName&quot;:&quot;Test&quot;,&quot;lastName&quot;:&quot;User&quot;}">
</property>
</properties>
<failure message="login.spec.ts:154:7 should return user permissions and role in login response" type="FAILURE">
<![CDATA[  [chromium] › auth/login.spec.ts:154:7 › User Login › should return user permissions and role in login response 

    Error: expect(received).toBeTruthy()

    Received: false

      166 |     });
      167 |
    > 168 |     expect(response.ok()).toBeTruthy();
          |                           ^
      169 |     const data = await response.json();
      170 |
      171 |     expect(data.user).toHaveProperty('role');
        at /home/meywd/Branches/Tamma/test-platform/apps/test-platform/tests/e2e/auth/login.spec.ts:168:27
]]>
</failure>
</testcase>
<testcase name="User Login › should not expose sensitive data in login response" classname="auth/login.spec.ts" time="0.285">
<properties>
<property name="userData" value="{&quot;email&quot;:&quot;test-1763948128701-giu2z9@example.com&quot;,&quot;password&quot;:&quot;TestPassword123!@#&quot;,&quot;firstName&quot;:&quot;Test&quot;,&quot;lastName&quot;:&quot;User&quot;}">
</property>
</properties>
<failure message="login.spec.ts:176:7 should not expose sensitive data in login response" type="FAILURE">
<![CDATA[  [chromium] › auth/login.spec.ts:176:7 › User Login › should not expose sensitive data in login response 

    Error: expect(received).toBeTruthy()

    Received: false

      188 |     });
      189 |
    > 190 |     expect(response.ok()).toBeTruthy();
          |                           ^
      191 |     const data = await response.json();
      192 |
      193 |     // Should not return password or hashes
        at /home/meywd/Branches/Tamma/test-platform/apps/test-platform/tests/e2e/auth/login.spec.ts:190:27
]]>
</failure>
</testcase>
</testsuite>
<testsuite name="auth/login.spec.ts" timestamp="2025-11-24T01:35:24.807Z" hostname="firefox" tests="8" failures="8" skipped="0" time="2.466" errors="0">
<testcase name="User Login › should successfully login with valid credentials" classname="auth/login.spec.ts" time="0.208">
<properties>
<property name="userData" value="{&quot;email&quot;:&quot;test-1763948129008-gcbzhs@example.com&quot;,&quot;password&quot;:&quot;TestPassword123!@#&quot;,&quot;firstName&quot;:&quot;Test&quot;,&quot;lastName&quot;:&quot;User&quot;}">
</property>
</properties>
<failure message="login.spec.ts:13:7 should successfully login with valid credentials" type="FAILURE">
<![CDATA[  [firefox] › auth/login.spec.ts:13:7 › User Login › should successfully login with valid credentials 

    Error: expect(received).toBeTruthy()

    Received: false

      25 |     });
      26 |
    > 27 |     expect(response.ok()).toBeTruthy();
         |                           ^
      28 |     const data = await response.json();
      29 |
      30 |     expect(data).toHaveProperty('message');
        at /home/meywd/Branches/Tamma/test-platform/apps/test-platform/tests/e2e/auth/login.spec.ts:27:27
]]>
</failure>
</testcase>
<testcase name="User Login › should reject login with incorrect password" classname="auth/login.spec.ts" time="0.328">
<properties>
<property name="userData" value="{&quot;email&quot;:&quot;test-1763948129683-0z57cf@example.com&quot;,&quot;password&quot;:&quot;TestPassword123!@#&quot;,&quot;firstName&quot;:&quot;Test&quot;,&quot;lastName&quot;:&quot;User&quot;}">
</property>
</properties>
<failure message="login.spec.ts:43:7 should reject login with incorrect password" type="FAILURE">
<![CDATA[  [firefox] › auth/login.spec.ts:43:7 › User Login › should reject login with incorrect password ───

    Error: expect(received).toBe(expected) // Object.is equality

    Expected: 401
    Received: 404

      56 |
      57 |     expect(response.ok()).toBeFalsy();
    > 58 |     expect(response.status()).toBe(401);
         |                               ^
      59 |
      60 |     const data = await response.json();
      61 |     expect(data).toHaveProperty('error');
        at /home/meywd/Branches/Tamma/test-platform/apps/test-platform/tests/e2e/auth/login.spec.ts:58:31
]]>
</failure>
</testcase>
<testcase name="User Login › should reject login with non-existent email" classname="auth/login.spec.ts" time="0.202">
<properties>
<property name="userData" value="{&quot;email&quot;:&quot;test-1763948129726-fzly6o@example.com&quot;,&quot;password&quot;:&quot;TestPassword123!@#&quot;,&quot;firstName&quot;:&quot;Test&quot;,&quot;lastName&quot;:&quot;User&quot;}">
</property>
</properties>
<failure message="login.spec.ts:65:7 should reject login with non-existent email" type="FAILURE">
<![CDATA[  [firefox] › auth/login.spec.ts:65:7 › User Login › should reject login with non-existent email ───

    Error: expect(received).toBe(expected) // Object.is equality

    Expected: 401
    Received: 404

      72 |
      73 |     expect(response.ok()).toBeFalsy();
    > 74 |     expect(response.status()).toBe(401);
         |                               ^
      75 |
      76 |     const data = await response.json();
      77 |     expect(data).toHaveProperty('error');
        at /home/meywd/Branches/Tamma/test-platform/apps/test-platform/tests/e2e/auth/login.spec.ts:74:31
]]>
</failure>
</testcase>
<testcase name="User Login › should lock account after 5 failed login attempts" classname="auth/login.spec.ts" time="0.538">
<properties>
<property name="userData" value="{&quot;email&quot;:&quot;test-1763948129892-a38774@example.com&quot;,&quot;password&quot;:&quot;TestPassword123!@#&quot;,&quot;firstName&quot;:&quot;Test&quot;,&quot;lastName&quot;:&quot;User&quot;}">
</property>
</properties>
<failure message="login.spec.ts:80:7 should lock account after 5 failed login attempts" type="FAILURE">
<![CDATA[  [firefox] › auth/login.spec.ts:80:7 › User Login › should lock account after 5 failed login attempts 

    Error: expect(received).toBe(expected) // Object.is equality

    Expected: 423
    Received: 404

      103 |
      104 |     expect(response.ok()).toBeFalsy();
    > 105 |     expect(response.status()).toBe(423); // Locked
          |                               ^
      106 |
      107 |     const data = await response.json();
      108 |     expect(data.error.toLowerCase()).toContain('lock');
        at /home/meywd/Branches/Tamma/test-platform/apps/test-platform/tests/e2e/auth/login.spec.ts:105:31
]]>
</failure>
</testcase>
<testcase name="User Login › should require email verification before login" classname="auth/login.spec.ts" time="0.358">
<properties>
<property name="userData" value="{&quot;email&quot;:&quot;test-1763948130648-f5w4mc@example.com&quot;,&quot;password&quot;:&quot;TestPassword123!@#&quot;,&quot;firstName&quot;:&quot;Test&quot;,&quot;lastName&quot;:&quot;User&quot;}">
</property>
</properties>
<failure message="login.spec.ts:111:7 should require email verification before login" type="FAILURE">
<![CDATA[  [firefox] › auth/login.spec.ts:111:7 › User Login › should require email verification before login 

    Error: expect(received).toBe(expected) // Object.is equality

    Expected: 401
    Received: 404

      125 |     // Should be rejected if email verification is required
      126 |     if (!response.ok()) {
    > 127 |       expect(response.status()).toBe(401);
          |                                 ^
      128 |       const data = await response.json();
      129 |       expect(data.error.toLowerCase()).toContain('verify');
      130 |     }
        at /home/meywd/Branches/Tamma/test-platform/apps/test-platform/tests/e2e/auth/login.spec.ts:127:33
]]>
</failure>
</testcase>
<testcase name="User Login › should track login IP address and timestamp" classname="auth/login.spec.ts" time="0.292">
<properties>
<property name="userData" value="{&quot;email&quot;:&quot;test-1763948130755-50t8q5@example.com&quot;,&quot;password&quot;:&quot;TestPassword123!@#&quot;,&quot;firstName&quot;:&quot;Test&quot;,&quot;lastName&quot;:&quot;User&quot;}">
</property>
</properties>
<failure message="login.spec.ts:133:7 should track login IP address and timestamp" type="FAILURE">
<![CDATA[  [firefox] › auth/login.spec.ts:133:7 › User Login › should track login IP address and timestamp ──

    Error: expect(received).toBeTruthy()

    Received: false

      148 |     });
      149 |
    > 150 |     expect(response.ok()).toBeTruthy();
          |                           ^
      151 |     // Login tracking is verified in the database, not in the response
      152 |   });
      153 |
        at /home/meywd/Branches/Tamma/test-platform/apps/test-platform/tests/e2e/auth/login.spec.ts:150:27
]]>
</failure>
</testcase>
<testcase name="User Login › should return user permissions and role in login response" classname="auth/login.spec.ts" time="0.263">
<properties>
<property name="userData" value="{&quot;email&quot;:&quot;test-1763948131224-ov6kx@example.com&quot;,&quot;password&quot;:&quot;TestPassword123!@#&quot;,&quot;firstName&quot;:&quot;Test&quot;,&quot;lastName&quot;:&quot;User&quot;}">
</property>
</properties>
<failure message="login.spec.ts:154:7 should return user permissions and role in login response" type="FAILURE">
<![CDATA[  [firefox] › auth/login.spec.ts:154:7 › User Login › should return user permissions and role in login response 

    Error: expect(received).toBeTruthy()

    Received: false

      166 |     });
      167 |
    > 168 |     expect(response.ok()).toBeTruthy();
          |                           ^
      169 |     const data = await response.json();
      170 |
      171 |     expect(data.user).toHaveProperty('role');
        at /home/meywd/Branches/Tamma/test-platform/apps/test-platform/tests/e2e/auth/login.spec.ts:168:27
]]>
</failure>
</testcase>
<testcase name="User Login › should not expose sensitive data in login response" classname="auth/login.spec.ts" time="0.277">
<properties>
<property name="userData" value="{&quot;email&quot;:&quot;test-1763948131784-k4ux7p@example.com&quot;,&quot;password&quot;:&quot;TestPassword123!@#&quot;,&quot;firstName&quot;:&quot;Test&quot;,&quot;lastName&quot;:&quot;User&quot;}">
</property>
</properties>
<failure message="login.spec.ts:176:7 should not expose sensitive data in login response" type="FAILURE">
<![CDATA[  [firefox] › auth/login.spec.ts:176:7 › User Login › should not expose sensitive data in login response 

    Error: expect(received).toBeTruthy()

    Received: false

      188 |     });
      189 |
    > 190 |     expect(response.ok()).toBeTruthy();
          |                           ^
      191 |     const data = await response.json();
      192 |
      193 |     // Should not return password or hashes
        at /home/meywd/Branches/Tamma/test-platform/apps/test-platform/tests/e2e/auth/login.spec.ts:190:27
]]>
</failure>
</testcase>
</testsuite>
<testsuite name="auth/login.spec.ts" timestamp="2025-11-24T01:35:24.807Z" hostname="webkit" tests="8" failures="8" skipped="0" time="2.375" errors="0">
<testcase name="User Login › should successfully login with valid credentials" classname="auth/login.spec.ts" time="0.271">
<properties>
<property name="userData" value="{&quot;email&quot;:&quot;test-1763948131840-i7cq0v@example.com&quot;,&quot;password&quot;:&quot;TestPassword123!@#&quot;,&quot;firstName&quot;:&quot;Test&quot;,&quot;lastName&quot;:&quot;User&quot;}">
</property>
</properties>
<failure message="login.spec.ts:13:7 should successfully login with valid credentials" type="FAILURE">
<![CDATA[  [webkit] › auth/login.spec.ts:13:7 › User Login › should successfully login with valid credentials 

    Error: expect(received).toBeTruthy()

    Received: false

      25 |     });
      26 |
    > 27 |     expect(response.ok()).toBeTruthy();
         |                           ^
      28 |     const data = await response.json();
      29 |
      30 |     expect(data).toHaveProperty('message');
        at /home/meywd/Branches/Tamma/test-platform/apps/test-platform/tests/e2e/auth/login.spec.ts:27:27
]]>
</failure>
</testcase>
<testcase name="User Login › should reject login with incorrect password" classname="auth/login.spec.ts" time="0.221">
<properties>
<property name="userData" value="{&quot;email&quot;:&quot;test-1763948132184-i0cq3@example.com&quot;,&quot;password&quot;:&quot;TestPassword123!@#&quot;,&quot;firstName&quot;:&quot;Test&quot;,&quot;lastName&quot;:&quot;User&quot;}">
</property>
</properties>
<failure message="login.spec.ts:43:7 should reject login with incorrect password" type="FAILURE">
<![CDATA[  [webkit] › auth/login.spec.ts:43:7 › User Login › should reject login with incorrect password ────

    Error: expect(received).toBe(expected) // Object.is equality

    Expected: 401
    Received: 404

      56 |
      57 |     expect(response.ok()).toBeFalsy();
    > 58 |     expect(response.status()).toBe(401);
         |                               ^
      59 |
      60 |     const data = await response.json();
      61 |     expect(data).toHaveProperty('error');
        at /home/meywd/Branches/Tamma/test-platform/apps/test-platform/tests/e2e/auth/login.spec.ts:58:31
]]>
</failure>
</testcase>
<testcase name="User Login › should reject login with non-existent email" classname="auth/login.spec.ts" time="0.165">
<properties>
<property name="userData" value="{&quot;email&quot;:&quot;test-1763948132854-9bwrto@example.com&quot;,&quot;password&quot;:&quot;TestPassword123!@#&quot;,&quot;firstName&quot;:&quot;Test&quot;,&quot;lastName&quot;:&quot;User&quot;}">
</property>
</properties>
<failure message="login.spec.ts:65:7 should reject login with non-existent email" type="FAILURE">
<![CDATA[  [webkit] › auth/login.spec.ts:65:7 › User Login › should reject login with non-existent email ────

    Error: expect(received).toBe(expected) // Object.is equality

    Expected: 401
    Received: 404

      72 |
      73 |     expect(response.ok()).toBeFalsy();
    > 74 |     expect(response.status()).toBe(401);
         |                               ^
      75 |
      76 |     const data = await response.json();
      77 |     expect(data).toHaveProperty('error');
        at /home/meywd/Branches/Tamma/test-platform/apps/test-platform/tests/e2e/auth/login.spec.ts:74:31
]]>
</failure>
</testcase>
<testcase name="User Login › should lock account after 5 failed login attempts" classname="auth/login.spec.ts" time="0.659">
<properties>
<property name="userData" value="{&quot;email&quot;:&quot;test-1763948132896-ev4p@example.com&quot;,&quot;password&quot;:&quot;TestPassword123!@#&quot;,&quot;firstName&quot;:&quot;Test&quot;,&quot;lastName&quot;:&quot;User&quot;}">
</property>
</properties>
<failure message="login.spec.ts:80:7 should lock account after 5 failed login attempts" type="FAILURE">
<![CDATA[  [webkit] › auth/login.spec.ts:80:7 › User Login › should lock account after 5 failed login attempts 

    Error: expect(received).toBe(expected) // Object.is equality

    Expected: 423
    Received: 404

      103 |
      104 |     expect(response.ok()).toBeFalsy();
    > 105 |     expect(response.status()).toBe(423); // Locked
          |                               ^
      106 |
      107 |     const data = await response.json();
      108 |     expect(data.error.toLowerCase()).toContain('lock');
        at /home/meywd/Branches/Tamma/test-platform/apps/test-platform/tests/e2e/auth/login.spec.ts:105:31
]]>
</failure>
</testcase>
<testcase name="User Login › should require email verification before login" classname="auth/login.spec.ts" time="0.261">
<properties>
<property name="userData" value="{&quot;email&quot;:&quot;test-1763948133109-8m7mp@example.com&quot;,&quot;password&quot;:&quot;TestPassword123!@#&quot;,&quot;firstName&quot;:&quot;Test&quot;,&quot;lastName&quot;:&quot;User&quot;}">
</property>
</properties>
<failure message="login.spec.ts:111:7 should require email verification before login" type="FAILURE">
<![CDATA[  [webkit] › auth/login.spec.ts:111:7 › User Login › should require email verification before login 

    Error: expect(received).toBe(expected) // Object.is equality

    Expected: 401
    Received: 404

      125 |     // Should be rejected if email verification is required
      126 |     if (!response.ok()) {
    > 127 |       expect(response.status()).toBe(401);
          |                                 ^
      128 |       const data = await response.json();
      129 |       expect(data.error.toLowerCase()).toContain('verify');
      130 |     }
        at /home/meywd/Branches/Tamma/test-platform/apps/test-platform/tests/e2e/auth/login.spec.ts:127:33
]]>
</failure>
</testcase>
<testcase name="User Login › should track login IP address and timestamp" classname="auth/login.spec.ts" time="0.21">
<properties>
<property name="userData" value="{&quot;email&quot;:&quot;test-1763948133740-n9dal3@example.com&quot;,&quot;password&quot;:&quot;TestPassword123!@#&quot;,&quot;firstName&quot;:&quot;Test&quot;,&quot;lastName&quot;:&quot;User&quot;}">
</property>
</properties>
<failure message="login.spec.ts:133:7 should track login IP address and timestamp" type="FAILURE">
<![CDATA[  [webkit] › auth/login.spec.ts:133:7 › User Login › should track login IP address and timestamp ───

    Error: expect(received).toBeTruthy()

    Received: false

      148 |     });
      149 |
    > 150 |     expect(response.ok()).toBeTruthy();
          |                           ^
      151 |     // Login tracking is verified in the database, not in the response
      152 |   });
      153 |
        at /home/meywd/Branches/Tamma/test-platform/apps/test-platform/tests/e2e/auth/login.spec.ts:150:27
]]>
</failure>
</testcase>
<testcase name="User Login › should return user permissions and role in login response" classname="auth/login.spec.ts" time="0.315">
<properties>
<property name="userData" value="{&quot;email&quot;:&quot;test-1763948134212-ujolmgj@example.com&quot;,&quot;password&quot;:&quot;TestPassword123!@#&quot;,&quot;firstName&quot;:&quot;Test&quot;,&quot;lastName&quot;:&quot;User&quot;}">
</property>
</properties>
<failure message="login.spec.ts:154:7 should return user permissions and role in login response" type="FAILURE">
<![CDATA[  [webkit] › auth/login.spec.ts:154:7 › User Login › should return user permissions and role in login response 

    Error: expect(received).toBeTruthy()

    Received: false

      166 |     });
      167 |
    > 168 |     expect(response.ok()).toBeTruthy();
          |                           ^
      169 |     const data = await response.json();
      170 |
      171 |     expect(data.user).toHaveProperty('role');
        at /home/meywd/Branches/Tamma/test-platform/apps/test-platform/tests/e2e/auth/login.spec.ts:168:27
]]>
</failure>
</testcase>
<testcase name="User Login › should not expose sensitive data in login response" classname="auth/login.spec.ts" time="0.273">
<properties>
<property name="userData" value="{&quot;email&quot;:&quot;test-1763948134313-d039tj@example.com&quot;,&quot;password&quot;:&quot;TestPassword123!@#&quot;,&quot;firstName&quot;:&quot;Test&quot;,&quot;lastName&quot;:&quot;User&quot;}">
</property>
</properties>
<failure message="login.spec.ts:176:7 should not expose sensitive data in login response" type="FAILURE">
<![CDATA[  [webkit] › auth/login.spec.ts:176:7 › User Login › should not expose sensitive data in login response 

    Error: expect(received).toBeTruthy()

    Received: false

      188 |     });
      189 |
    > 190 |     expect(response.ok()).toBeTruthy();
          |                           ^
      191 |     const data = await response.json();
      192 |
      193 |     // Should not return password or hashes
        at /home/meywd/Branches/Tamma/test-platform/apps/test-platform/tests/e2e/auth/login.spec.ts:190:27
]]>
</failure>
</testcase>
</testsuite>
<testsuite name="auth/login.spec.ts" timestamp="2025-11-24T01:35:24.807Z" hostname="Mobile Chrome" tests="8" failures="8" skipped="0" time="2.344" errors="0">
<testcase name="User Login › should successfully login with valid credentials" classname="auth/login.spec.ts" time="0.243">
<properties>
<property name="userData" value="{&quot;email&quot;:&quot;test-1763948134709-qv8otr@example.com&quot;,&quot;password&quot;:&quot;TestPassword123!@#&quot;,&quot;firstName&quot;:&quot;Test&quot;,&quot;lastName&quot;:&quot;User&quot;}">
</property>
</properties>
<failure message="login.spec.ts:13:7 should successfully login with valid credentials" type="FAILURE">
<![CDATA[  [Mobile Chrome] › auth/login.spec.ts:13:7 › User Login › should successfully login with valid credentials 

    Error: expect(received).toBeTruthy()

    Received: false

      25 |     });
      26 |
    > 27 |     expect(response.ok()).toBeTruthy();
         |                           ^
      28 |     const data = await response.json();
      29 |
      30 |     expect(data).toHaveProperty('message');
        at /home/meywd/Branches/Tamma/test-platform/apps/test-platform/tests/e2e/auth/login.spec.ts:27:27
]]>
</failure>
</testcase>
<testcase name="User Login › should reject login with incorrect password" classname="auth/login.spec.ts" time="0.333">
<properties>
<property name="userData" value="{&quot;email&quot;:&quot;test-1763948135274-wu4q7@example.com&quot;,&quot;password&quot;:&quot;TestPassword123!@#&quot;,&quot;firstName&quot;:&quot;Test&quot;,&quot;lastName&quot;:&quot;User&quot;}">
</property>
</properties>
<failure message="login.spec.ts:43:7 should reject login with incorrect password" type="FAILURE">
<![CDATA[  [Mobile Chrome] › auth/login.spec.ts:43:7 › User Login › should reject login with incorrect password 

    Error: expect(received).toBe(expected) // Object.is equality

    Expected: 401
    Received: 404

      56 |
      57 |     expect(response.ok()).toBeFalsy();
    > 58 |     expect(response.status()).toBe(401);
         |                               ^
      59 |
      60 |     const data = await response.json();
      61 |     expect(data).toHaveProperty('error');
        at /home/meywd/Branches/Tamma/test-platform/apps/test-platform/tests/e2e/auth/login.spec.ts:58:31
]]>
</failure>
</testcase>
<testcase name="User Login › should reject login with non-existent email" classname="auth/login.spec.ts" time="0.283">
<properties>
<property name="userData" value="{&quot;email&quot;:&quot;test-1763948135329-4pfs@example.com&quot;,&quot;password&quot;:&quot;TestPassword123!@#&quot;,&quot;firstName&quot;:&quot;Test&quot;,&quot;lastName&quot;:&quot;User&quot;}">
</property>
</properties>
<failure message="login.spec.ts:65:7 should reject login with non-existent email" type="FAILURE">
<![CDATA[  [Mobile Chrome] › auth/login.spec.ts:65:7 › User Login › should reject login with non-existent email 

    Error: expect(received).toBe(expected) // Object.is equality

    Expected: 401
    Received: 404

      72 |
      73 |     expect(response.ok()).toBeFalsy();
    > 74 |     expect(response.status()).toBe(401);
         |                               ^
      75 |
      76 |     const data = await response.json();
      77 |     expect(data).toHaveProperty('error');
        at /home/meywd/Branches/Tamma/test-platform/apps/test-platform/tests/e2e/auth/login.spec.ts:74:31
]]>
</failure>
</testcase>
<testcase name="User Login › should lock account after 5 failed login attempts" classname="auth/login.spec.ts" time="0.479">
<properties>
<property name="userData" value="{&quot;email&quot;:&quot;test-1763948135725-an508m@example.com&quot;,&quot;password&quot;:&quot;TestPassword123!@#&quot;,&quot;firstName&quot;:&quot;Test&quot;,&quot;lastName&quot;:&quot;User&quot;}">
</property>
</properties>
<failure message="login.spec.ts:80:7 should lock account after 5 failed login attempts" type="FAILURE">
<![CDATA[  [Mobile Chrome] › auth/login.spec.ts:80:7 › User Login › should lock account after 5 failed login attempts 

    Error: expect(received).toBe(expected) // Object.is equality

    Expected: 423
    Received: 404

      103 |
      104 |     expect(response.ok()).toBeFalsy();
    > 105 |     expect(response.status()).toBe(423); // Locked
          |                               ^
      106 |
      107 |     const data = await response.json();
      108 |     expect(data.error.toLowerCase()).toContain('lock');
        at /home/meywd/Branches/Tamma/test-platform/apps/test-platform/tests/e2e/auth/login.spec.ts:105:31
]]>
</failure>
</testcase>
<testcase name="User Login › should require email verification before login" classname="auth/login.spec.ts" time="0.279">
<properties>
<property name="userData" value="{&quot;email&quot;:&quot;test-1763948136401-g4id4@example.com&quot;,&quot;password&quot;:&quot;TestPassword123!@#&quot;,&quot;firstName&quot;:&quot;Test&quot;,&quot;lastName&quot;:&quot;User&quot;}">
</property>
</properties>
<failure message="login.spec.ts:111:7 should require email verification before login" type="FAILURE">
<![CDATA[  [Mobile Chrome] › auth/login.spec.ts:111:7 › User Login › should require email verification before login 

    Error: expect(received).toBe(expected) // Object.is equality

    Expected: 401
    Received: 404

      125 |     // Should be rejected if email verification is required
      126 |     if (!response.ok()) {
    > 127 |       expect(response.status()).toBe(401);
          |                                 ^
      128 |       const data = await response.json();
      129 |       expect(data.error.toLowerCase()).toContain('verify');
      130 |     }
        at /home/meywd/Branches/Tamma/test-platform/apps/test-platform/tests/e2e/auth/login.spec.ts:127:33
]]>
</failure>
</testcase>
<testcase name="User Login › should track login IP address and timestamp" classname="auth/login.spec.ts" time="0.251">
<properties>
<property name="userData" value="{&quot;email&quot;:&quot;test-1763948136371-8o0xjs@example.com&quot;,&quot;password&quot;:&quot;TestPassword123!@#&quot;,&quot;firstName&quot;:&quot;Test&quot;,&quot;lastName&quot;:&quot;User&quot;}">
</property>
</properties>
<failure message="login.spec.ts:133:7 should track login IP address and timestamp" type="FAILURE">
<![CDATA[  [Mobile Chrome] › auth/login.spec.ts:133:7 › User Login › should track login IP address and timestamp 

    Error: expect(received).toBeTruthy()

    Received: false

      148 |     });
      149 |
    > 150 |     expect(response.ok()).toBeTruthy();
          |                           ^
      151 |     // Login tracking is verified in the database, not in the response
      152 |   });
      153 |
        at /home/meywd/Branches/Tamma/test-platform/apps/test-platform/tests/e2e/auth/login.spec.ts:150:27
]]>
</failure>
</testcase>
<testcase name="User Login › should return user permissions and role in login response" classname="auth/login.spec.ts" time="0.207">
<properties>
<property name="userData" value="{&quot;email&quot;:&quot;test-1763948136926-xa6l2q@example.com&quot;,&quot;password&quot;:&quot;TestPassword123!@#&quot;,&quot;firstName&quot;:&quot;Test&quot;,&quot;lastName&quot;:&quot;User&quot;}">
</property>
</properties>
<failure message="login.spec.ts:154:7 should return user permissions and role in login response" type="FAILURE">
<![CDATA[  [Mobile Chrome] › auth/login.spec.ts:154:7 › User Login › should return user permissions and role in login response 

    Error: expect(received).toBeTruthy()

    Received: false

      166 |     });
      167 |
    > 168 |     expect(response.ok()).toBeTruthy();
          |                           ^
      169 |     const data = await response.json();
      170 |
      171 |     expect(data.user).toHaveProperty('role');
        at /home/meywd/Branches/Tamma/test-platform/apps/test-platform/tests/e2e/auth/login.spec.ts:168:27
]]>
</failure>
</testcase>
<testcase name="User Login › should not expose sensitive data in login response" classname="auth/login.spec.ts" time="0.269">
<properties>
<property name="userData" value="{&quot;email&quot;:&quot;test-1763948137360-r561h@example.com&quot;,&quot;password&quot;:&quot;TestPassword123!@#&quot;,&quot;firstName&quot;:&quot;Test&quot;,&quot;lastName&quot;:&quot;User&quot;}">
</property>
</properties>
<failure message="login.spec.ts:176:7 should not expose sensitive data in login response" type="FAILURE">
<![CDATA[  [Mobile Chrome] › auth/login.spec.ts:176:7 › User Login › should not expose sensitive data in login response 

    Error: expect(received).toBeTruthy()

    Received: false

      188 |     });
      189 |
    > 190 |     expect(response.ok()).toBeTruthy();
          |                           ^
      191 |     const data = await response.json();
      192 |
      193 |     // Should not return password or hashes
        at /home/meywd/Branches/Tamma/test-platform/apps/test-platform/tests/e2e/auth/login.spec.ts:190:27
]]>
</failure>
</testcase>
</testsuite>
<testsuite name="auth/login.spec.ts" timestamp="2025-11-24T01:35:24.807Z" hostname="Mobile Safari" tests="8" failures="8" skipped="0" time="2.424" errors="0">
<testcase name="User Login › should successfully login with valid credentials" classname="auth/login.spec.ts" time="0.257">
<properties>
<property name="userData" value="{&quot;email&quot;:&quot;test-1763948137421-swel7h@example.com&quot;,&quot;password&quot;:&quot;TestPassword123!@#&quot;,&quot;firstName&quot;:&quot;Test&quot;,&quot;lastName&quot;:&quot;User&quot;}">
</property>
</properties>
<failure message="login.spec.ts:13:7 should successfully login with valid credentials" type="FAILURE">
<![CDATA[  [Mobile Safari] › auth/login.spec.ts:13:7 › User Login › should successfully login with valid credentials 

    Error: expect(received).toBeTruthy()

    Received: false

      25 |     });
      26 |
    > 27 |     expect(response.ok()).toBeTruthy();
         |                           ^
      28 |     const data = await response.json();
      29 |
      30 |     expect(data).toHaveProperty('message');
        at /home/meywd/Branches/Tamma/test-platform/apps/test-platform/tests/e2e/auth/login.spec.ts:27:27
]]>
</failure>
</testcase>
<testcase name="User Login › should reject login with incorrect password" classname="auth/login.spec.ts" time="0.223">
<properties>
<property name="userData" value="{&quot;email&quot;:&quot;test-1763948137854-3ko57b@example.com&quot;,&quot;password&quot;:&quot;TestPassword123!@#&quot;,&quot;firstName&quot;:&quot;Test&quot;,&quot;lastName&quot;:&quot;User&quot;}">
</property>
</properties>
<failure message="login.spec.ts:43:7 should reject login with incorrect password" type="FAILURE">
<![CDATA[  [Mobile Safari] › auth/login.spec.ts:43:7 › User Login › should reject login with incorrect password 

    Error: expect(received).toBe(expected) // Object.is equality

    Expected: 401
    Received: 404

      56 |
      57 |     expect(response.ok()).toBeFalsy();
    > 58 |     expect(response.status()).toBe(401);
         |                               ^
      59 |
      60 |     const data = await response.json();
      61 |     expect(data).toHaveProperty('error');
        at /home/meywd/Branches/Tamma/test-platform/apps/test-platform/tests/e2e/auth/login.spec.ts:58:31
]]>
</failure>
</testcase>
<testcase name="User Login › should reject login with non-existent email" classname="auth/login.spec.ts" time="0.215">
<properties>
<property name="userData" value="{&quot;email&quot;:&quot;test-1763948138407-cshuoo@example.com&quot;,&quot;password&quot;:&quot;TestPassword123!@#&quot;,&quot;firstName&quot;:&quot;Test&quot;,&quot;lastName&quot;:&quot;User&quot;}">
</property>
</properties>
<failure message="login.spec.ts:65:7 should reject login with non-existent email" type="FAILURE">
<![CDATA[  [Mobile Safari] › auth/login.spec.ts:65:7 › User Login › should reject login with non-existent email 

    Error: expect(received).toBe(expected) // Object.is equality

    Expected: 401
    Received: 404

      72 |
      73 |     expect(response.ok()).toBeFalsy();
    > 74 |     expect(response.status()).toBe(401);
         |                               ^
      75 |
      76 |     const data = await response.json();
      77 |     expect(data).toHaveProperty('error');
        at /home/meywd/Branches/Tamma/test-platform/apps/test-platform/tests/e2e/auth/login.spec.ts:74:31
]]>
</failure>
</testcase>
<testcase name="User Login › should lock account after 5 failed login attempts" classname="auth/login.spec.ts" time="0.682">
<properties>
<property name="userData" value="{&quot;email&quot;:&quot;test-1763948138410-0d9x3e@example.com&quot;,&quot;password&quot;:&quot;TestPassword123!@#&quot;,&quot;firstName&quot;:&quot;Test&quot;,&quot;lastName&quot;:&quot;User&quot;}">
</property>
</properties>
<failure message="login.spec.ts:80:7 should lock account after 5 failed login attempts" type="FAILURE">
<![CDATA[  [Mobile Safari] › auth/login.spec.ts:80:7 › User Login › should lock account after 5 failed login attempts 

    Error: expect(received).toBe(expected) // Object.is equality

    Expected: 423
    Received: 404

      103 |
      104 |     expect(response.ok()).toBeFalsy();
    > 105 |     expect(response.status()).toBe(423); // Locked
          |                               ^
      106 |
      107 |     const data = await response.json();
      108 |     expect(data.error.toLowerCase()).toContain('lock');
        at /home/meywd/Branches/Tamma/test-platform/apps/test-platform/tests/e2e/auth/login.spec.ts:105:31
]]>
</failure>
</testcase>
<testcase name="User Login › should require email verification before login" classname="auth/login.spec.ts" time="0.283">
<properties>
<property name="userData" value="{&quot;email&quot;:&quot;test-1763948138808-mn9md@example.com&quot;,&quot;password&quot;:&quot;TestPassword123!@#&quot;,&quot;firstName&quot;:&quot;Test&quot;,&quot;lastName&quot;:&quot;User&quot;}">
</property>
</properties>
<failure message="login.spec.ts:111:7 should require email verification before login" type="FAILURE">
<![CDATA[  [Mobile Safari] › auth/login.spec.ts:111:7 › User Login › should require email verification before login 

    Error: expect(received).toBe(expected) // Object.is equality

    Expected: 401
    Received: 404

      125 |     // Should be rejected if email verification is required
      126 |     if (!response.ok()) {
    > 127 |       expect(response.status()).toBe(401);
          |                                 ^
      128 |       const data = await response.json();
      129 |       expect(data.error.toLowerCase()).toContain('verify');
      130 |     }
        at /home/meywd/Branches/Tamma/test-platform/apps/test-platform/tests/e2e/auth/login.spec.ts:127:33
]]>
</failure>
</testcase>
<testcase name="User Login › should track login IP address and timestamp" classname="auth/login.spec.ts" time="0.205">
<properties>
<property name="userData" value="{&quot;email&quot;:&quot;test-1763948139331-2wr4aj@example.com&quot;,&quot;password&quot;:&quot;TestPassword123!@#&quot;,&quot;firstName&quot;:&quot;Test&quot;,&quot;lastName&quot;:&quot;User&quot;}">
</property>
</properties>
<failure message="login.spec.ts:133:7 should track login IP address and timestamp" type="FAILURE">
<![CDATA[  [Mobile Safari] › auth/login.spec.ts:133:7 › User Login › should track login IP address and timestamp 

    Error: expect(received).toBeTruthy()

    Received: false

      148 |     });
      149 |
    > 150 |     expect(response.ok()).toBeTruthy();
          |                           ^
      151 |     // Login tracking is verified in the database, not in the response
      152 |   });
      153 |
        at /home/meywd/Branches/Tamma/test-platform/apps/test-platform/tests/e2e/auth/login.spec.ts:150:27
]]>
</failure>
</testcase>
<testcase name="User Login › should return user permissions and role in login response" classname="auth/login.spec.ts" time="0.296">
<properties>
<property name="userData" value="{&quot;email&quot;:&quot;test-1763948139761-jm6jl@example.com&quot;,&quot;password&quot;:&quot;TestPassword123!@#&quot;,&quot;firstName&quot;:&quot;Test&quot;,&quot;lastName&quot;:&quot;User&quot;}">
</property>
</properties>
<failure message="login.spec.ts:154:7 should return user permissions and role in login response" type="FAILURE">
<![CDATA[  [Mobile Safari] › auth/login.spec.ts:154:7 › User Login › should return user permissions and role in login response 

    Error: expect(received).toBeTruthy()

    Received: false

      166 |     });
      167 |
    > 168 |     expect(response.ok()).toBeTruthy();
          |                           ^
      169 |     const data = await response.json();
      170 |
      171 |     expect(data.user).toHaveProperty('role');
        at /home/meywd/Branches/Tamma/test-platform/apps/test-platform/tests/e2e/auth/login.spec.ts:168:27
]]>
</failure>
</testcase>
<testcase name="User Login › should not expose sensitive data in login response" classname="auth/login.spec.ts" time="0.263">
<properties>
<property name="userData" value="{&quot;email&quot;:&quot;test-1763948139795-8068hd@example.com&quot;,&quot;password&quot;:&quot;TestPassword123!@#&quot;,&quot;firstName&quot;:&quot;Test&quot;,&quot;lastName&quot;:&quot;User&quot;}">
</property>
</properties>
<failure message="login.spec.ts:176:7 should not expose sensitive data in login response" type="FAILURE">
<![CDATA[  [Mobile Safari] › auth/login.spec.ts:176:7 › User Login › should not expose sensitive data in login response 

    Error: expect(received).toBeTruthy()

    Received: false

      188 |     });
      189 |
    > 190 |     expect(response.ok()).toBeTruthy();
          |                           ^
      191 |     const data = await response.json();
      192 |
      193 |     // Should not return password or hashes
        at /home/meywd/Branches/Tamma/test-platform/apps/test-platform/tests/e2e/auth/login.spec.ts:190:27
]]>
</failure>
</testcase>
</testsuite>
</testsuites>